// Jest Snapshot v1, https://goo.gl/fbAQLP

exports[`ffprobe it returns metadata in the json format 1`] = `
Object {
  "format": Object {
    "bit_rate": "240197",
    "duration": "30.001000",
    "filename": "test.mp4",
    "format_long_name": "QuickTime / MOV",
    "format_name": "mov,mp4,m4a,3gp,3g2,mj2",
    "nb_programs": 0,
    "nb_streams": 2,
    "probe_score": 100,
    "size": "900770",
    "start_time": "0.000000",
    "tags": Object {
      "compatible_brands": "isomiso2avc1mp41",
      "encoder": "Lavf58.76.100",
      "major_brand": "isom",
      "minor_version": "512",
    },
  },
  "streams": Array [
    Object {
      "avg_frame_rate": "60/1",
      "bit_rate": "149404",
      "bits_per_raw_sample": "8",
      "chroma_location": "left",
      "closed_captions": 0,
      "codec_long_name": "H.264 / AVC / MPEG-4 AVC / MPEG-4 part 10",
      "codec_name": "h264",
      "codec_tag": "0x31637661",
      "codec_tag_string": "avc1",
      "codec_type": "video",
      "coded_height": 720,
      "coded_width": 1280,
      "display_aspect_ratio": "16:9",
      "disposition": Object {
        "attached_pic": 0,
        "clean_effects": 0,
        "comment": 0,
        "default": 1,
        "dub": 0,
        "forced": 0,
        "hearing_impaired": 0,
        "karaoke": 0,
        "lyrics": 0,
        "original": 0,
        "timed_thumbnails": 0,
        "visual_impaired": 0,
      },
      "duration": "30.000000",
      "duration_ts": 460800,
      "has_b_frames": 2,
      "height": 720,
      "index": 0,
      "is_avc": "true",
      "level": 32,
      "nal_length_size": "4",
      "nb_frames": "1800",
      "pix_fmt": "yuv420p",
      "profile": "High",
      "r_frame_rate": "60/1",
      "refs": 1,
      "sample_aspect_ratio": "1:1",
      "start_pts": 0,
      "start_time": "0.000000",
      "tags": Object {
        "handler_name": "VideoHandler",
        "language": "und",
        "vendor_id": "[0][0][0][0]",
      },
      "time_base": "1/15360",
      "width": 1280,
    },
    Object {
      "avg_frame_rate": "0/0",
      "bit_rate": "77444",
      "bits_per_sample": 0,
      "channel_layout": "mono",
      "channels": 1,
      "codec_long_name": "AAC (Advanced Audio Coding)",
      "codec_name": "aac",
      "codec_tag": "0x6134706d",
      "codec_tag_string": "mp4a",
      "codec_type": "audio",
      "disposition": Object {
        "attached_pic": 0,
        "clean_effects": 0,
        "comment": 0,
        "default": 1,
        "dub": 0,
        "forced": 0,
        "hearing_impaired": 0,
        "karaoke": 0,
        "lyrics": 0,
        "original": 0,
        "timed_thumbnails": 0,
        "visual_impaired": 0,
      },
      "duration": "30.000000",
      "duration_ts": 1323000,
      "index": 1,
      "nb_frames": "1293",
      "profile": "LC",
      "r_frame_rate": "0/0",
      "sample_fmt": "fltp",
      "sample_rate": "44100",
      "start_pts": 0,
      "start_time": "0.000000",
      "tags": Object {
        "handler_name": "SoundHandler",
        "language": "und",
        "vendor_id": "[0][0][0][0]",
      },
      "time_base": "1/44100",
    },
  ],
}
`;
